[INFO] Scanning for projects...
[INFO] 
[INFO] ---------------------< com.payment:wallet-system >----------------------
[INFO] Building wallet-system 0.0.1-SNAPSHOT
[INFO]   from pom.xml
[INFO] --------------------------------[ jar ]---------------------------------
[INFO] 
[INFO] --- resources:3.5.0:resources (default-resources) @ wallet-system ---
[INFO] Copying 1 resource from src/main/resources to target/classes
[INFO] Copying 0 resource from src/main/resources to target/classes
[INFO] 
[INFO] --- compiler:3.15.0:compile (default-compile) @ wallet-system ---
[INFO] Nothing to compile - all classes are up to date.
[INFO] 
[INFO] --- resources:3.5.0:testResources (default-testResources) @ wallet-system ---
[INFO] skip non existing resourceDirectory /Users/smritisingh/Documents/wallet-system/src/test/resources
[INFO] 
[INFO] --- compiler:3.15.0:testCompile (default-testCompile) @ wallet-system ---
[INFO] Nothing to compile - all classes are up to date.
[INFO] 
[INFO] --- surefire:3.5.6:test (default-test) @ wallet-system ---
[INFO] Using auto detected provider org.apache.maven.surefire.junitplatform.JUnitPlatformProvider
[INFO] 
[INFO] -------------------------------------------------------
[INFO]  T E S T S
[INFO] -------------------------------------------------------
[INFO] Running com.payment.wallet_system.integration.ConcurrencyIntegrationTest
08:05:56.884 [main] INFO org.springframework.test.context.support.AnnotationConfigContextLoaderUtils -- Could not detect default configuration classes for test class [com.payment.wallet_system.integration.ConcurrencyIntegrationTest]: ConcurrencyIntegrationTest does not declare any static, non-private, non-final, nested classes annotated with @Configuration.
08:05:56.943 [main] INFO org.springframework.boot.test.context.SpringBootTestContextBootstrapper -- Found @SpringBootConfiguration com.payment.wallet_system.WalletSystemApplication for test class com.payment.wallet_system.integration.ConcurrencyIntegrationTest
08:05:56.979 [main] INFO org.springframework.test.context.support.AnnotationConfigContextLoaderUtils -- Could not detect default configuration classes for test class [com.payment.wallet_system.integration.ConcurrencyIntegrationTest]: ConcurrencyIntegrationTest does not declare any static, non-private, non-final, nested classes annotated with @Configuration.
08:05:56.981 [main] INFO org.springframework.boot.test.context.SpringBootTestContextBootstrapper -- Found @SpringBootConfiguration com.payment.wallet_system.WalletSystemApplication for test class com.payment.wallet_system.integration.ConcurrencyIntegrationTest

  .   ____          _            __ _ _
 /\\ / ___'_ __ _ _(_)_ __  __ _ \ \ \ \
( ( )\___ | '_ | '_| | '_ \/ _` | \ \ \ \
 \\/  ___)| |_)| | | | | || (_| |  ) ) ) )
  '  |____| .__|_| |_|_| |_\__, | / / / /
 =========|_|==============|___/=/_/_/_/

 :: Spring Boot ::                (v4.1.1)

2026-10-09T08:05:57.162+05:30  INFO 13061 --- [wallet-system] [           main] c.p.w.i.ConcurrencyIntegrationTest       : Starting ConcurrencyIntegrationTest using Java 22.0.2 with PID 13061 (started by smritisingh in /Users/smritisingh/Documents/wallet-system)
2026-10-09T08:05:57.162+05:30  INFO 13061 --- [wallet-system] [           main] c.p.w.i.ConcurrencyIntegrationTest       : No active profile set, falling back to 1 default profile: "default"
2026-10-09T08:05:57.512+05:30  INFO 13061 --- [wallet-system] [           main] .s.d.r.c.RepositoryConfigurationDelegate : Bootstrapping Spring Data JPA repositories in DEFAULT mode.
2026-10-09T08:05:57.535+05:30  INFO 13061 --- [wallet-system] [           main] .s.d.r.c.RepositoryConfigurationDelegate : Finished Spring Data repository scanning in 19 ms. Found 5 JPA repository interfaces.
2026-10-09T08:05:57.753+05:30  INFO 13061 --- [wallet-system] [           main] org.hibernate.orm.jpa                    : HHH008540: Processing PersistenceUnitInfo [name: default]
2026-10-09T08:05:57.783+05:30  INFO 13061 --- [wallet-system] [           main] org.hibernate.orm.core                   : HHH000001: Hibernate ORM core version 7.4.5.Final
2026-10-09T08:05:57.957+05:30  INFO 13061 --- [wallet-system] [           main] o.s.o.j.p.SpringPersistenceUnitInfo      : No LoadTimeWeaver setup: ignoring JPA class transformer
2026-10-09T08:05:57.971+05:30  INFO 13061 --- [wallet-system] [           main] com.zaxxer.hikari.HikariDataSource       : HikariPool-1 - Starting...
2026-10-09T08:05:58.035+05:30  INFO 13061 --- [wallet-system] [           main] com.zaxxer.hikari.pool.HikariPool        : HikariPool-1 - Added connection org.postgresql.jdbc.PgConnection@7bde704a
2026-10-09T08:05:58.035+05:30  INFO 13061 --- [wallet-system] [           main] com.zaxxer.hikari.HikariDataSource       : HikariPool-1 - Start completed.
2026-10-09T08:05:58.081+05:30  INFO 13061 --- [wallet-system] [           main] org.hibernate.orm.connections.pooling    : HHH10001005: Database info:
	Database JDBC URL [jdbc:postgresql://localhost:5432/payment_wallet]
	Database driver: PostgreSQL JDBC Driver
	Database dialect: PostgreSQLDialect
	Database version: 17.10
	Default catalog/schema: payment_wallet/public
	Autocommit mode: undefined/unknown
	Isolation level: READ_COMMITTED [default READ_COMMITTED]
	JDBC fetch size: none
	Pool: DataSourceConnectionProvider
	Minimum pool size: undefined/unknown
	Maximum pool size: undefined/unknown
2026-10-09T08:05:58.509+05:30  INFO 13061 --- [wallet-system] [           main] org.hibernate.orm.core                   : HHH000489: No JTA platform available (set 'hibernate.transaction.jta.platform' to enable JTA platform integration)
2026-10-09T08:05:58.581+05:30  INFO 13061 --- [wallet-system] [           main] j.LocalContainerEntityManagerFactoryBean : Initialized JPA EntityManagerFactory for persistence unit 'default'
2026-10-09T08:05:58.617+05:30  INFO 13061 --- [wallet-system] [           main] o.s.d.j.r.query.QueryEnhancerFactories   : Hibernate is in classpath; If applicable, HQL parser will be used.
2026-10-09T08:05:58.776+05:30  WARN 13061 --- [wallet-system] [           main] JpaBaseConfiguration$JpaWebConfiguration : spring.jpa.open-in-view is enabled by default. Therefore, database queries may be performed during view rendering. Explicitly configure spring.jpa.open-in-view to disable this warning
2026-10-09T08:05:58.826+05:30  WARN 13061 --- [wallet-system] [           main] .s.a.UserDetailsServiceAutoConfiguration : 

Using generated security password: e618acab-9e3a-41c3-9c64-bd017efa36b3

This generated password is for development use only. Your security configuration must be updated before running your application in production.

2026-10-09T08:05:58.829+05:30  INFO 13061 --- [wallet-system] [           main] r$InitializeUserDetailsManagerConfigurer : Global AuthenticationManager configured with UserDetailsService bean with name inMemoryUserDetailsManager
2026-10-09T08:05:59.056+05:30  INFO 13061 --- [wallet-system] [           main] o.s.b.t.m.w.SpringBootMockServletContext : Initializing Spring TestDispatcherServlet ''
2026-10-09T08:05:59.056+05:30  INFO 13061 --- [wallet-system] [           main] o.s.t.web.servlet.TestDispatcherServlet  : Initializing Servlet ''
2026-10-09T08:05:59.057+05:30  INFO 13061 --- [wallet-system] [           main] o.s.t.web.servlet.TestDispatcherServlet  : Completed initialization in 1 ms
2026-10-09T08:05:59.099+05:30  INFO 13061 --- [wallet-system] [           main] c.p.w.i.ConcurrencyIntegrationTest       : Started ConcurrencyIntegrationTest in 2.089 seconds (process running for 2.626)
2026-10-09T08:05:59.100+05:30  WARN 13061 --- [wallet-system] [           main] o.s.core.events.SpringDocAppInitializer  : SpringDoc /v3/api-docs endpoint is enabled by default. To disable it in production, set the property 'springdoc.api-docs.enabled=false'
2026-10-09T08:05:59.100+05:30  WARN 13061 --- [wallet-system] [           main] o.s.core.events.SpringDocAppInitializer  : SpringDoc /swagger-ui.html endpoint is enabled by default. To disable it in production, set the property 'springdoc.swagger-ui.enabled=false'
Mockito is currently self-attaching to enable the inline-mock-maker. This will no longer work in future releases of the JDK. Please add Mockito as an agent to your build as described in Mockito's documentation: https://javadoc.io/doc/org.mockito/mockito-core/latest/org.mockito/org/mockito/Mockito.html#0.3
Java HotSpot(TM) 64-Bit Server VM warning: Sharing is only supported for boot loader classes because bootstrap classpath has been appended
WARNING: A Java agent has been loaded dynamically (/Users/smritisingh/.m2/repository/net/bytebuddy/byte-buddy-agent/1.18.11/byte-buddy-agent-1.18.11.jar)
WARNING: If a serviceability tool is in use, please run with -XX:+EnableDynamicAgentLoading to hide this warning
WARNING: If a serviceability tool is not in use, please run with -Djdk.instrument.traceUsage for more information
WARNING: Dynamic loading of agents will be disallowed by default in a future release
Hibernate: 
    select
        u1_0.id 
    from
        users u1_0 
    where
        u1_0.email=? 
    fetch
        first ? rows only
Hibernate: 
    insert 
    into
        users
        (created_at, email, name, password, role) 
    values
        (?, ?, ?, ?, ?)
Hibernate: 
    insert 
    into
        wallets
        (balance, status, user_id, wallet_number) 
    values
        (?, ?, ?, ?)
Hibernate: 
    insert 
    into
        audit_logs
        (created_at, description, event_type, transaction_id, user_id) 
    values
        (?, ?, ?, ?, ?)
Hibernate: 
    select
        u1_0.id 
    from
        users u1_0 
    where
        u1_0.email=? 
    fetch
        first ? rows only
Hibernate: 
    insert 
    into
        users
        (created_at, email, name, password, role) 
    values
        (?, ?, ?, ?, ?)
Hibernate: 
    insert 
    into
        wallets
        (balance, status, user_id, wallet_number) 
    values
        (?, ?, ?, ?)
Hibernate: 
    insert 
    into
        audit_logs
        (created_at, description, event_type, transaction_id, user_id) 
    values
        (?, ?, ?, ?, ?)
Hibernate: 
    select
        u1_0.id,
        u1_0.created_at,
        u1_0.email,
        u1_0.name,
        u1_0.password,
        u1_0.role 
    from
        users u1_0 
    where
        u1_0.email=?
Hibernate: 
    insert 
    into
        audit_logs
        (created_at, description, event_type, transaction_id, user_id) 
    values
        (?, ?, ?, ?, ?)
Hibernate: 
    select
        u1_0.id,
        u1_0.created_at,
        u1_0.email,
        u1_0.name,
        u1_0.password,
        u1_0.role 
    from
        users u1_0 
    where
        u1_0.email=?
Hibernate: 
    select
        u1_0.id,
        u1_0.created_at,
        u1_0.email,
        u1_0.name,
        u1_0.password,
        u1_0.role 
    from
        users u1_0 
    where
        u1_0.email=?
Hibernate: 
    select
        w1_0.id,
        w1_0.balance,
        w1_0.status,
        w1_0.user_id,
        w1_0.wallet_number 
    from
        wallets w1_0 
    where
        w1_0.user_id=?
Hibernate: 
    update
        wallets 
    set
        balance=?,
        status=?,
        user_id=?,
        wallet_number=? 
    where
        id=?
Hibernate: 
    insert 
    into
        audit_logs
        (created_at, description, event_type, transaction_id, user_id) 
    values
        (?, ?, ?, ?, ?)

MockHttpServletRequest:
      HTTP Method = POST
      Request URI = /api/wallet/add-money
       Parameters = {}
          Headers = [Content-Type:"application/json;charset=UTF-8", Authorization:"Bearer eyJhbGciOiJIUzI1NiJ9.eyJzdWIiOiJzZW5kZXItMTc5MTUxMzM1OTM0MUB0ZXN0LmNvbSIsInJvbGUiOiJVU0VSIiwiaWF0IjoxNzkxNTEzMzU5LCJleHAiOjE3OTE1MTY5NTl9._0dQGp7j_-lNpDXukbj0bM6Nm5a7hT37bzFCbEZLawg", Content-Length:"23"]
             Body = {
   "amount":10000
 }

    Session Attrs = {}

Handler:
             Type = com.payment.wallet_system.controller.WalletController
           Method = com.payment.wallet_system.controller.WalletController#addMoney(AddMoneyRequest)

Async:
    Async started = false
     Async result = null

Resolved Exception:
             Type = null

ModelAndView:
        View name = null
             View = null
            Model = null

FlashMap:
       Attributes = null

MockHttpServletResponse:
           Status = 200
    Error message = null
          Headers = [Content-Type:"application/json", X-Content-Type-Options:"nosniff", X-XSS-Protection:"0", Cache-Control:"no-cache, no-store, max-age=0, must-revalidate", Pragma:"no-cache", Expires:"0", X-Frame-Options:"DENY"]
     Content type = application/json
             Body = {"balance":10000.00,"status":"ACTIVE","walletNumber":"Wallet_1791513359721"}
    Forwarded URL = null
   Redirected URL = null
          Cookies = []
Hibernate: 
    select
        u1_0.id,
        u1_0.created_at,
        u1_0.email,
        u1_0.name,
        u1_0.password,
        u1_0.role 
    from
        users u1_0 
    where
        u1_0.email=?
Hibernate: 
    select
        u1_0.id,
        u1_0.created_at,
        u1_0.email,
        u1_0.name,
        u1_0.password,
        u1_0.role 
    from
        users u1_0 
    where
        u1_0.email=?
Hibernate: 
    select
        u1_0.id,
        u1_0.created_at,
        u1_0.email,
        u1_0.name,
        u1_0.password,
        u1_0.role 
    from
        users u1_0 
    where
        u1_0.email=?
Hibernate: 
    select
        u1_0.id,
        u1_0.created_at,
        u1_0.email,
        u1_0.name,
        u1_0.password,
        u1_0.role 
    from
        users u1_0 
    where
        u1_0.email=?
Hibernate: 
    select
        u1_0.id,
        u1_0.created_at,
        u1_0.email,
        u1_0.name,
        u1_0.password,
        u1_0.role 
    from
        users u1_0 
    where
        u1_0.email=?
Hibernate: 
    select
        u1_0.id,
        u1_0.created_at,
        u1_0.email,
        u1_0.name,
        u1_0.password,
        u1_0.role 
    from
        users u1_0 
    where
        u1_0.email=?
Hibernate: 
    select
        u1_0.id,
        u1_0.created_at,
        u1_0.email,
        u1_0.name,
        u1_0.password,
        u1_0.role 
    from
        users u1_0 
    where
        u1_0.email=?
Hibernate: 
    select
        u1_0.id,
        u1_0.created_at,
        u1_0.email,
        u1_0.name,
        u1_0.password,
        u1_0.role 
    from
        users u1_0 
    where
        u1_0.email=?
Hibernate: 
    select
        u1_0.id,
        u1_0.created_at,
        u1_0.email,
        u1_0.name,
        u1_0.password,
        u1_0.role 
    from
        users u1_0 
    where
        u1_0.email=?
Hibernate: 
    select
        u1_0.id,
        u1_0.created_at,
        u1_0.email,
        u1_0.name,
        u1_0.password,
        u1_0.role 
    from
        users u1_0 
    where
        u1_0.email=?
Hibernate: 
    select
        u1_0.id,
        u1_0.created_at,
        u1_0.email,
        u1_0.name,
        u1_0.password,
        u1_0.role 
    from
        users u1_0 
    where
        u1_0.email=?
Hibernate: 
    select
        u1_0.id,
        u1_0.created_at,
        u1_0.email,
        u1_0.name,
        u1_0.password,
        u1_0.role 
    from
        users u1_0 
    where
        u1_0.email=?
Hibernate: 
    select
        u1_0.id,
        u1_0.created_at,
        u1_0.email,
        u1_0.name,
        u1_0.password,
        u1_0.role 
    from
        users u1_0 
    where
        u1_0.email=?
Hibernate: 
    select
        ir1_0.id,
        ir1_0.created_at,
        ir1_0.idempotency_key,
        ir1_0.status,
        ir1_0.transaction_id,
        ir1_0.user_id 
    from
        idempotency_records ir1_0 
    where
        ir1_0.idempotency_key=?
Hibernate: 
    select
        ir1_0.id,
        ir1_0.created_at,
        ir1_0.idempotency_key,
        ir1_0.status,
        ir1_0.transaction_id,
        ir1_0.user_id 
    from
        idempotency_records ir1_0 
    where
        ir1_0.idempotency_key=?
Hibernate: 
    select
        ir1_0.id,
        ir1_0.created_at,
        ir1_0.idempotency_key,
        ir1_0.status,
        ir1_0.transaction_id,
        ir1_0.user_id 
    from
        idempotency_records ir1_0 
    where
        ir1_0.idempotency_key=?
Hibernate: 
    select
        u1_0.id,
        u1_0.created_at,
        u1_0.email,
        u1_0.name,
        u1_0.password,
        u1_0.role 
    from
        users u1_0 
    where
        u1_0.email=?
Hibernate: 
    select
        u1_0.id,
        u1_0.created_at,
        u1_0.email,
        u1_0.name,
        u1_0.password,
        u1_0.role 
    from
        users u1_0 
    where
        u1_0.email=?
Hibernate: 
    select
        u1_0.id,
        u1_0.created_at,
        u1_0.email,
        u1_0.name,
        u1_0.password,
        u1_0.role 
    from
        users u1_0 
    where
        u1_0.email=?
Hibernate: 
    select
        u1_0.id,
        u1_0.created_at,
        u1_0.email,
        u1_0.name,
        u1_0.password,
        u1_0.role 
    from
        users u1_0 
    where
        u1_0.email=?
Hibernate: 
    select
        u1_0.id,
        u1_0.created_at,
        u1_0.email,
        u1_0.name,
        u1_0.password,
        u1_0.role 
    from
        users u1_0 
    where
        u1_0.email=?
Hibernate: 
    select
        ir1_0.id,
        ir1_0.created_at,
        ir1_0.idempotency_key,
        ir1_0.status,
        ir1_0.transaction_id,
        ir1_0.user_id 
    from
        idempotency_records ir1_0 
    where
        ir1_0.idempotency_key=?
Hibernate: 
    select
        ir1_0.id,
        ir1_0.created_at,
        ir1_0.idempotency_key,
        ir1_0.status,
        ir1_0.transaction_id,
        ir1_0.user_id 
    from
        idempotency_records ir1_0 
    where
        ir1_0.idempotency_key=?
Hibernate: 
    select
        u1_0.id,
        u1_0.created_at,
        u1_0.email,
        u1_0.name,
        u1_0.password,
        u1_0.role 
    from
        users u1_0 
    where
        u1_0.email=?
Hibernate: 
    select
        u1_0.id,
        u1_0.created_at,
        u1_0.email,
        u1_0.name,
        u1_0.password,
        u1_0.role 
    from
        users u1_0 
    where
        u1_0.email=?
Hibernate: 
    select
        u1_0.id,
        u1_0.created_at,
        u1_0.email,
        u1_0.name,
        u1_0.password,
        u1_0.role 
    from
        users u1_0 
    where
        u1_0.email=?
Hibernate: 
    select
        ir1_0.id,
        ir1_0.created_at,
        ir1_0.idempotency_key,
        ir1_0.status,
        ir1_0.transaction_id,
        ir1_0.user_id 
    from
        idempotency_records ir1_0 
    where
        ir1_0.idempotency_key=?
Hibernate: 
    select
        u1_0.id,
        u1_0.created_at,
        u1_0.email,
        u1_0.name,
        u1_0.password,
        u1_0.role 
    from
        users u1_0 
    where
        u1_0.email=?
Hibernate: 
    select
        u1_0.id,
        u1_0.created_at,
        u1_0.email,
        u1_0.name,
        u1_0.password,
        u1_0.role 
    from
        users u1_0 
    where
        u1_0.email=?
Hibernate: 
    select
        w1_0.id,
        w1_0.balance,
        w1_0.status,
        w1_0.user_id,
        w1_0.wallet_number 
    from
        wallets w1_0 
    where
        w1_0.user_id=? 
    for
        no key update of w1_0
Hibernate: 
    select
        w1_0.id,
        w1_0.balance,
        w1_0.status,
        w1_0.user_id,
        w1_0.wallet_number 
    from
        wallets w1_0 
    where
        w1_0.user_id=? 
    for
        no key update of w1_0
Hibernate: 
    select
        w1_0.id,
        w1_0.balance,
        w1_0.status,
        w1_0.user_id,
        w1_0.wallet_number 
    from
        wallets w1_0 
    where
        w1_0.user_id=? 
    for
        no key update of w1_0
Hibernate: 
    select
        w1_0.id,
        w1_0.balance,
        w1_0.status,
        w1_0.user_id,
        w1_0.wallet_number 
    from
        wallets w1_0 
    where
        w1_0.user_id=? 
    for
        no key update of w1_0
Hibernate: 
    select
        w1_0.id,
        w1_0.balance,
        w1_0.status,
        w1_0.user_id,
        w1_0.wallet_number 
    from
        wallets w1_0 
    where
        w1_0.user_id=? 
    for
        no key update of w1_0
Hibernate: 
    select
        w1_0.id,
        w1_0.balance,
        w1_0.status,
        w1_0.user_id,
        w1_0.wallet_number 
    from
        wallets w1_0 
    where
        w1_0.user_id=? 
    for
        no key update of w1_0
Hibernate: 
    select
        u1_0.id,
        u1_0.created_at,
        u1_0.email,
        u1_0.name,
        u1_0.password,
        u1_0.role 
    from
        users u1_0 
    where
        u1_0.email=?
Hibernate: 
    select
        w1_0.id,
        w1_0.balance,
        w1_0.status,
        w1_0.user_id,
        w1_0.wallet_number 
    from
        wallets w1_0 
    where
        w1_0.user_id=? 
    for
        no key update of w1_0
Hibernate: 
    insert 
    into
        transactions
        (amount, created_at, receiver_wallet_number, sender_wallet_number, status, transaction_id) 
    values
        (?, ?, ?, ?, ?, ?)
Hibernate: 
    insert 
    into
        idempotency_records
        (created_at, idempotency_key, status, transaction_id, user_id) 
    values
        (?, ?, ?, ?, ?)
Hibernate: 
    select
        ir1_0.id,
        ir1_0.created_at,
        ir1_0.idempotency_key,
        ir1_0.status,
        ir1_0.transaction_id,
        ir1_0.user_id 
    from
        idempotency_records ir1_0 
    where
        ir1_0.idempotency_key=?
Hibernate: 
    select
        u1_0.id,
        u1_0.created_at,
        u1_0.email,
        u1_0.name,
        u1_0.password,
        u1_0.role 
    from
        users u1_0 
    where
        u1_0.email=?
Hibernate: 
    select
        w1_0.id,
        w1_0.balance,
        w1_0.status,
        w1_0.user_id,
        w1_0.wallet_number 
    from
        wallets w1_0 
    where
        w1_0.user_id=? 
    for
        no key update of w1_0
Hibernate: 
    select
        ir1_0.id,
        ir1_0.created_at,
        ir1_0.idempotency_key,
        ir1_0.status,
        ir1_0.transaction_id,
        ir1_0.user_id 
    from
        idempotency_records ir1_0 
    where
        ir1_0.idempotency_key=?
Hibernate: 
    select
        u1_0.id,
        u1_0.created_at,
        u1_0.email,
        u1_0.name,
        u1_0.password,
        u1_0.role 
    from
        users u1_0 
    where
        u1_0.email=?
Hibernate: 
    select
        w1_0.id,
        w1_0.balance,
        w1_0.status,
        w1_0.user_id,
        w1_0.wallet_number 
    from
        wallets w1_0 
    where
        w1_0.user_id=? 
    for
        no key update of w1_0
Hibernate: 
    select
        u1_0.id,
        u1_0.created_at,
        u1_0.email,
        u1_0.name,
        u1_0.password,
        u1_0.role 
    from
        users u1_0 
    where
        u1_0.email=?
Hibernate: 
    select
        ir1_0.id,
        ir1_0.created_at,
        ir1_0.idempotency_key,
        ir1_0.status,
        ir1_0.transaction_id,
        ir1_0.user_id 
    from
        idempotency_records ir1_0 
    where
        ir1_0.idempotency_key=?
Hibernate: 
    select
        u1_0.id,
        u1_0.created_at,
        u1_0.email,
        u1_0.name,
        u1_0.password,
        u1_0.role 
    from
        users u1_0 
    where
        u1_0.email=?
Hibernate: 
    select
        w1_0.id,
        w1_0.balance,
        w1_0.status,
        w1_0.user_id,
        w1_0.wallet_number 
    from
        wallets w1_0 
    where
        w1_0.user_id=? 
    for
        no key update of w1_0
Hibernate: 
    select
        u1_0.id,
        u1_0.created_at,
        u1_0.email,
        u1_0.name,
        u1_0.password,
        u1_0.role 
    from
        users u1_0 
    where
        u1_0.email=?
Hibernate: 
    select
        u1_0.id,
        u1_0.created_at,
        u1_0.email,
        u1_0.name,
        u1_0.password,
        u1_0.role 
    from
        users u1_0 
    where
        u1_0.email=?
Hibernate: 
    select
        ir1_0.id,
        ir1_0.created_at,
        ir1_0.idempotency_key,
        ir1_0.status,
        ir1_0.transaction_id,
        ir1_0.user_id 
    from
        idempotency_records ir1_0 
    where
        ir1_0.idempotency_key=?
Hibernate: 
    select
        u1_0.id,
        u1_0.created_at,
        u1_0.email,
        u1_0.name,
        u1_0.password,
        u1_0.role 
    from
        users u1_0 
    where
        u1_0.email=?
Hibernate: 
    select
        w1_0.id,
        w1_0.balance,
        w1_0.status,
        w1_0.user_id,
        w1_0.wallet_number 
    from
        wallets w1_0 
    where
        w1_0.user_id=? 
    for
        no key update of w1_0
Hibernate: 
    select
        ir1_0.id,
        ir1_0.created_at,
        ir1_0.idempotency_key,
        ir1_0.status,
        ir1_0.transaction_id,
        ir1_0.user_id 
    from
        idempotency_records ir1_0 
    where
        ir1_0.idempotency_key=?
Hibernate: 
    select
        u1_0.id,
        u1_0.created_at,
        u1_0.email,
        u1_0.name,
        u1_0.password,
        u1_0.role 
    from
        users u1_0 
    where
        u1_0.email=?
Hibernate: 
    select
        w1_0.id,
        w1_0.balance,
        w1_0.status,
        w1_0.user_id,
        w1_0.wallet_number 
    from
        wallets w1_0 
    where
        w1_0.user_id=? 
    for
        no key update of w1_0
Hibernate: 
    select
        ir1_0.id,
        ir1_0.created_at,
        ir1_0.idempotency_key,
        ir1_0.status,
        ir1_0.transaction_id,
        ir1_0.user_id 
    from
        idempotency_records ir1_0 
    where
        ir1_0.idempotency_key=?
Hibernate: 
    select
        u1_0.id,
        u1_0.created_at,
        u1_0.email,
        u1_0.name,
        u1_0.password,
        u1_0.role 
    from
        users u1_0 
    where
        u1_0.email=?
Hibernate: 
    select
        w1_0.id,
        w1_0.balance,
        w1_0.status,
        w1_0.user_id,
        w1_0.wallet_number 
    from
        wallets w1_0 
    where
        w1_0.user_id=? 
    for
        no key update of w1_0
Hibernate: 
    select
        ir1_0.id,
        ir1_0.created_at,
        ir1_0.idempotency_key,
        ir1_0.status,
        ir1_0.transaction_id,
        ir1_0.user_id 
    from
        idempotency_records ir1_0 
    where
        ir1_0.idempotency_key=?
Hibernate: 
    select
        u1_0.id,
        u1_0.created_at,
        u1_0.email,
        u1_0.name,
        u1_0.password,
        u1_0.role 
    from
        users u1_0 
    where
        u1_0.email=?
Hibernate: 
    select
        w1_0.id,
        w1_0.balance,
        w1_0.status,
        w1_0.user_id,
        w1_0.wallet_number 
    from
        wallets w1_0 
    where
        w1_0.user_id=? 
    for
        no key update of w1_0
Hibernate: 
    select
        ir1_0.id,
        ir1_0.created_at,
        ir1_0.idempotency_key,
        ir1_0.status,
        ir1_0.transaction_id,
        ir1_0.user_id 
    from
        idempotency_records ir1_0 
    where
        ir1_0.idempotency_key=?
Hibernate: 
    select
        u1_0.id,
        u1_0.created_at,
        u1_0.email,
        u1_0.name,
        u1_0.password,
        u1_0.role 
    from
        users u1_0 
    where
        u1_0.email=?
Hibernate: 
    select
        w1_0.id,
        w1_0.balance,
        w1_0.status,
        w1_0.user_id,
        w1_0.wallet_number 
    from
        wallets w1_0 
    where
        w1_0.user_id=? 
    for
        no key update of w1_0
Hibernate: 
    select
        ir1_0.id,
        ir1_0.created_at,
        ir1_0.idempotency_key,
        ir1_0.status,
        ir1_0.transaction_id,
        ir1_0.user_id 
    from
        idempotency_records ir1_0 
    where
        ir1_0.idempotency_key=?
Hibernate: 
    select
        u1_0.id,
        u1_0.created_at,
        u1_0.email,
        u1_0.name,
        u1_0.password,
        u1_0.role 
    from
        users u1_0 
    where
        u1_0.email=?
Hibernate: 
    select
        w1_0.id,
        w1_0.balance,
        w1_0.status,
        w1_0.user_id,
        w1_0.wallet_number 
    from
        wallets w1_0 
    where
        w1_0.user_id=? 
    for
        no key update of w1_0
Hibernate: 
    select
        ir1_0.id,
        ir1_0.created_at,
        ir1_0.idempotency_key,
        ir1_0.status,
        ir1_0.transaction_id,
        ir1_0.user_id 
    from
        idempotency_records ir1_0 
    where
        ir1_0.idempotency_key=?
Hibernate: 
    select
        u1_0.id,
        u1_0.created_at,
        u1_0.email,
        u1_0.name,
        u1_0.password,
        u1_0.role 
    from
        users u1_0 
    where
        u1_0.email=?
Hibernate: 
    select
        w1_0.id,
        w1_0.balance,
        w1_0.status,
        w1_0.user_id,
        w1_0.wallet_number 
    from
        wallets w1_0 
    where
        w1_0.user_id=? 
    for
        no key update of w1_0
Hibernate: 
    select
        ir1_0.id,
        ir1_0.created_at,
        ir1_0.idempotency_key,
        ir1_0.status,
        ir1_0.transaction_id,
        ir1_0.user_id 
    from
        idempotency_records ir1_0 
    where
        ir1_0.idempotency_key=?
Hibernate: 
    select
        u1_0.id,
        u1_0.created_at,
        u1_0.email,
        u1_0.name,
        u1_0.password,
        u1_0.role 
    from
        users u1_0 
    where
        u1_0.email=?
Hibernate: 
    select
        w1_0.id,
        w1_0.balance,
        w1_0.status,
        w1_0.user_id,
        w1_0.wallet_number 
    from
        wallets w1_0 
    where
        w1_0.user_id=? 
    for
        no key update of w1_0
Hibernate: 
    insert 
    into
        audit_logs
        (created_at, description, event_type, transaction_id, user_id) 
    values
        (?, ?, ?, ?, ?)
Hibernate: 
    select
        ir1_0.id,
        ir1_0.created_at,
        ir1_0.idempotency_key,
        ir1_0.status,
        ir1_0.transaction_id,
        ir1_0.user_id 
    from
        idempotency_records ir1_0 
    where
        ir1_0.idempotency_key=?
Hibernate: 
    update
        wallets 
    set
        balance=?,
        status=?,
        user_id=?,
        wallet_number=? 
    where
        id=?
Hibernate: 
    update
        wallets 
    set
        balance=?,
        status=?,
        user_id=?,
        wallet_number=? 
    where
        id=?
Hibernate: 
    select
        u1_0.id,
        u1_0.created_at,
        u1_0.email,
        u1_0.name,
        u1_0.password,
        u1_0.role 
    from
        users u1_0 
    where
        u1_0.email=?
Hibernate: 
    select
        u1_0.id,
        u1_0.created_at,
        u1_0.email,
        u1_0.name,
        u1_0.password,
        u1_0.role 
    from
        users u1_0 
    where
        u1_0.email=?
STATUS CODE: 200
RESPONSE BODY: {"balance":100.00,"status":"ACTIVE","walletNumber":"Wallet_1791513359831"}
RESPONSE HEADERS: [Content-Type, X-Content-Type-Options, X-XSS-Protection, Cache-Control, Pragma, Expires, X-Frame-Options]
Hibernate: 
    select
        w1_0.id,
        w1_0.balance,
        w1_0.status,
        w1_0.user_id,
        w1_0.wallet_number 
    from
        wallets w1_0 
    where
        w1_0.user_id=? 
    for
        no key update of w1_0
Hibernate: 
    select
        ir1_0.id,
        ir1_0.created_at,
        ir1_0.idempotency_key,
        ir1_0.status,
        ir1_0.transaction_id,
        ir1_0.user_id 
    from
        idempotency_records ir1_0 
    where
        ir1_0.idempotency_key=?
Hibernate: 
    select
        w1_0.id,
        w1_0.balance,
        w1_0.status,
        w1_0.user_id,
        w1_0.wallet_number 
    from
        wallets w1_0 
    where
        w1_0.user_id=? 
    for
        no key update of w1_0
Hibernate: 
    select
        u1_0.id,
        u1_0.created_at,
        u1_0.email,
        u1_0.name,
        u1_0.password,
        u1_0.role 
    from
        users u1_0 
    where
        u1_0.email=?
Hibernate: 
    insert 
    into
        transactions
        (amount, created_at, receiver_wallet_number, sender_wallet_number, status, transaction_id) 
    values
        (?, ?, ?, ?, ?, ?)
Hibernate: 
    select
        w1_0.id,
        w1_0.balance,
        w1_0.status,
        w1_0.user_id,
        w1_0.wallet_number 
    from
        wallets w1_0 
    where
        w1_0.user_id=? 
    for
        no key update of w1_0
Hibernate: 
    insert 
    into
        idempotency_records
        (created_at, idempotency_key, status, transaction_id, user_id) 
    values
        (?, ?, ?, ?, ?)
Hibernate: 
    select
        ir1_0.id,
        ir1_0.created_at,
        ir1_0.idempotency_key,
        ir1_0.status,
        ir1_0.transaction_id,
        ir1_0.user_id 
    from
        idempotency_records ir1_0 
    where
        ir1_0.idempotency_key=?
Hibernate: 
    select
        u1_0.id,
        u1_0.created_at,
        u1_0.email,
        u1_0.name,
        u1_0.password,
        u1_0.role 
    from
        users u1_0 
    where
        u1_0.email=?
Hibernate: 
    select
        w1_0.id,
        w1_0.balance,
        w1_0.status,
        w1_0.user_id,
        w1_0.wallet_number 
    from
        wallets w1_0 
    where
        w1_0.user_id=? 
    for
        no key update of w1_0
Hibernate: 
    select
        u1_0.id,
        u1_0.created_at,
        u1_0.email,
        u1_0.name,
        u1_0.password,
        u1_0.role 
    from
        users u1_0 
    where
        u1_0.email=?
Hibernate: 
    insert 
    into
        audit_logs
        (created_at, description, event_type, transaction_id, user_id) 
    values
        (?, ?, ?, ?, ?)
Hibernate: 
    select
        ir1_0.id,
        ir1_0.created_at,
        ir1_0.idempotency_key,
        ir1_0.status,
        ir1_0.transaction_id,
        ir1_0.user_id 
    from
        idempotency_records ir1_0 
    where
        ir1_0.idempotency_key=?
Hibernate: 
    update
        wallets 
    set
        balance=?,
        status=?,
        user_id=?,
        wallet_number=? 
    where
        id=?
Hibernate: 
    select
        u1_0.id,
        u1_0.created_at,
        u1_0.email,
        u1_0.name,
        u1_0.password,
        u1_0.role 
    from
        users u1_0 
    where
        u1_0.email=?
Hibernate: 
    update
        wallets 
    set
        balance=?,
        status=?,
        user_id=?,
        wallet_number=? 
    where
        id=?
Hibernate: 
    select
        w1_0.id,
        w1_0.balance,
        w1_0.status,
        w1_0.user_id,
        w1_0.wallet_number 
    from
        wallets w1_0 
    where
        w1_0.user_id=? 
    for
        no key update of w1_0
Hibernate: 
    select
        u1_0.id,
        u1_0.created_at,
        u1_0.email,
        u1_0.name,
        u1_0.password,
        u1_0.role 
    from
        users u1_0 
    where
        u1_0.email=?
STATUS CODE: 200
RESPONSE BODY: {"balance":200.00,"status":"ACTIVE","walletNumber":"Wallet_1791513359831"}
RESPONSE HEADERS: [Content-Type, X-Content-Type-Options, X-XSS-Protection, Cache-Control, Pragma, Expires, X-Frame-Options]
Hibernate: 
    select
        w1_0.id,
        w1_0.balance,
        w1_0.status,
        w1_0.user_id,
        w1_0.wallet_number 
    from
        wallets w1_0 
    where
        w1_0.user_id=? 
    for
        no key update of w1_0
Hibernate: 
    select
        u1_0.id,
        u1_0.created_at,
        u1_0.email,
        u1_0.name,
        u1_0.password,
        u1_0.role 
    from
        users u1_0 
    where
        u1_0.email=?
Hibernate: 
    insert 
    into
        transactions
        (amount, created_at, receiver_wallet_number, sender_wallet_number, status, transaction_id) 
    values
        (?, ?, ?, ?, ?, ?)
Hibernate: 
    insert 
    into
        idempotency_records
        (created_at, idempotency_key, status, transaction_id, user_id) 
    values
        (?, ?, ?, ?, ?)
Hibernate: 
    select
        ir1_0.id,
        ir1_0.created_at,
        ir1_0.idempotency_key,
        ir1_0.status,
        ir1_0.transaction_id,
        ir1_0.user_id 
    from
        idempotency_records ir1_0 
    where
        ir1_0.idempotency_key=?
Hibernate: 
    select
        u1_0.id,
        u1_0.created_at,
        u1_0.email,
        u1_0.name,
        u1_0.password,
        u1_0.role 
    from
        users u1_0 
    where
        u1_0.email=?
Hibernate: 
    select
        w1_0.id,
        w1_0.balance,
        w1_0.status,
        w1_0.user_id,
        w1_0.wallet_number 
    from
        wallets w1_0 
    where
        w1_0.user_id=? 
    for
        no key update of w1_0
[INFO] 
[INFO] Results:
[INFO] 
